[Fri 09/25/2026  9:09:50.51] Starting Teamsnoti.py
C:\Users\70023796\Desktop\Project\Main_Link\RepoGit\Additional\Teamsnoti.py:251: SyntaxWarning: invalid escape sequence '\]'
  """Detect an incoming Teams call card.
^C[Mon 09/28/2026  8:20:16.25] Starting Teamsnoti.py
C:\Users\70023796\Desktop\Project\Main_Link\RepoGit\Additional\Teamsnoti.py:251: SyntaxWarning: invalid escape sequence '\]'
  """Detect an incoming Teams call card.
[Mon 09/28/2026 12:17:17.95] Python exited with code 1073807364
[Mon 09/28/2026 13:54:00.37] Starting Teamsnoti.py
C:\Users\70023796\Desktop\Project\Main_Link\RepoGit\Additional\Teamsnoti.py:251: SyntaxWarning: invalid escape sequence '\]'
  """Detect an incoming Teams call card.
[Mon 09/28/2026 16:41:27.37] Starting Teamsnoti.py
C:\Users\70023796\Desktop\Project\Main_Link\RepoGit\Additional\Teamsnoti.py:251: SyntaxWarning: invalid escape sequence '\]'
  """Detect an incoming Teams call card.
^C[Tue 09/29/2026  8:05:47.60] Starting Teamsnoti.py
C:\Users\70023796\Desktop\Project\Main_Link\RepoGit\Additional\Teamsnoti.py:251: SyntaxWarning: invalid escape sequence '\]'
  """Detect an incoming Teams call card.
[Tue 09/29/2026 12:04:25.81] Starting Teamsnoti.py
C:\Users\70023796\Desktop\Project\Main_Link\RepoGit\Additional\Teamsnoti.py:251: SyntaxWarning: invalid escape sequence '\]'
  """Detect an incoming Teams call card.
[Tue 09/29/2026 16:20:29.18] Starting Teamsnoti.py
C:\Users\70023796\Desktop\Project\Main_Link\RepoGit\Additional\Teamsnoti.py:251: SyntaxWarning: invalid escape sequence '\]'
  """Detect an incoming Teams call card.
[Wed 09/30/2026  8:04:15.00] Starting Teamsnoti.py
C:\Users\70023796\Desktop\Project\Main_Link\RepoGit\Additional\Teamsnoti.py:251: SyntaxWarning: invalid escape sequence '\]'
  """Detect an incoming Teams call card.
[Wed 09/30/2026 10:25:18.82] Starting Teamsnoti.py
C:\Users\70023796\Desktop\Project\Main_Link\RepoGit\Additional\Teamsnoti.py:251: SyntaxWarning: invalid escape sequence '\]'
  """Detect an incoming Teams call card.
[Wed 09/30/2026 10:33:43.24] Starting Teamsnoti.py
C:\Users\70023796\Desktop\Project\Main_Link\RepoGit\Additional\Teamsnoti.py:251: SyntaxWarning: invalid escape sequence '\]'
  """Detect an incoming Teams call card.
